[demo.egenslab.com/html/corelaw/preview/index3.html]
[backblue.gif]
[fade.gif]
[index.html]
[demo.egenslab.com/html/corelaw/preview/assets/images/icons/logo-icon.svg]
[demo.egenslab.com/html/corelaw/preview/assets/css/animate.css]
[demo.egenslab.com/html/corelaw/preview/assets/css/all.css]
[demo.egenslab.com/html/corelaw/preview/assets/css/bootstrap.min.css]
[demo.egenslab.com/html/corelaw/preview/assets/css/boxicons.min.css]
[demo.egenslab.com/html/corelaw/preview/assets/css/bootstrap-icons.css]
[demo.egenslab.com/html/corelaw/preview/assets/css/jquery-ui.css]
[demo.egenslab.com/html/corelaw/preview/assets/css/swiper-bundle.css]
[demo.egenslab.com/html/corelaw/preview/assets/css/slick-theme.css]
[demo.egenslab.com/html/corelaw/preview/assets/css/slick.css]
[demo.egenslab.com/html/corelaw/preview/assets/css/nice-select.css]
[demo.egenslab.com/html/corelaw/preview/assets/css/magnific-popup.css]
[demo.egenslab.com/html/corelaw/preview/assets/css/odometer.css]
[demo.egenslab.com/html/corelaw/preview/assets/css/style.css]
[demo.egenslab.com/html/corelaw/preview/index.html]
[demo.egenslab.com/html/corelaw/preview/assets/images/icons/header3-logo.svg]
[demo.egenslab.com/html/corelaw/preview/assets/images/icons/header1-logo.svg]
[demo.egenslab.com/html/corelaw/preview/index2.html]
[demo.egenslab.com/html/corelaw/preview/index4.html]
[demo.egenslab.com/html/corelaw/preview/about.html]
[demo.egenslab.com/html/corelaw/preview/practice-area.html]
[demo.egenslab.com/html/corelaw/preview/practice-details.html]
[demo.egenslab.com/html/corelaw/preview/blog-grid.html]
[demo.egenslab.com/html/corelaw/preview/case-study1.html]
[demo.egenslab.com/html/corelaw/preview/case-study2.html]
[demo.egenslab.com/html/corelaw/preview/casestudy-details.html]
[demo.egenslab.com/html/corelaw/preview/team.html]
[demo.egenslab.com/html/corelaw/preview/lawyer-details.html]
[demo.egenslab.com/html/corelaw/preview/faq.html]
[demo.egenslab.com/html/corelaw/preview/error.html]
[demo.egenslab.com/html/corelaw/preview/blog-standard.html]
[demo.egenslab.com/html/corelaw/preview/blog-details.html]
[demo.egenslab.com/html/corelaw/preview/contact.html]
[demo.egenslab.com/html/corelaw/preview/assets/images/bg/banner3-vector.svg]
[demo.egenslab.com/html/corelaw/preview/assets/images/bg/banner3-lawyer1.png]
[demo.egenslab.com/html/corelaw/preview/assets/images/bg/banner3-lawyer2.png]
[demo.egenslab.com/html/corelaw/preview/assets/images/bg/banner3-lawyer3.png]
[demo.egenslab.com/html/corelaw/preview/assets/images/icons/arr-prev.svg]
[demo.egenslab.com/html/corelaw/preview/assets/images/icons/arr-next.svg]
[demo.egenslab.com/html/corelaw/preview/assets/images/bg/practice31.png]
[demo.egenslab.com/html/corelaw/preview/assets/images/icons/practice31.svg]
[demo.egenslab.com/html/corelaw/preview/assets/images/bg/practice32.png]
[demo.egenslab.com/html/corelaw/preview/assets/images/icons/practice32.svg]
[demo.egenslab.com/html/corelaw/preview/assets/images/bg/practice33.png]
[demo.egenslab.com/html/corelaw/preview/assets/images/icons/practice33.svg]
[demo.egenslab.com/html/corelaw/preview/assets/images/bg/section-bg1.svg]
[demo.egenslab.com/html/corelaw/preview/assets/images/bg/about3-bg.png]
[demo.egenslab.com/html/corelaw/preview/assets/images/bg/abt-img-text1.svg]
[demo.egenslab.com/html/corelaw/preview/assets/images/bg/abt-img-text2.svg]
[demo.egenslab.com/html/corelaw/preview/assets/images/bg/about3-author.png]
[demo.egenslab.com/html/corelaw/preview/assets/images/icons/signature3.svg]
[demo.egenslab.com/html/corelaw/preview/assets/images/bg/casestudy31.png]
[demo.egenslab.com/html/corelaw/preview/assets/images/icons/read-more-arro.svg]
[demo.egenslab.com/html/corelaw/preview/assets/images/bg/casestudy32.png]
[demo.egenslab.com/html/corelaw/preview/assets/images/bg/casestudy33.png]
[demo.egenslab.com/html/corelaw/preview/assets/images/bg/casestudy34.png]
[demo.egenslab.com/html/corelaw/preview/assets/images/bg/casestudy35.png]
[demo.egenslab.com/html/corelaw/preview/assets/images/bg/casestudy36.png]
[demo.egenslab.com/html/corelaw/preview/assets/images/bg/attorney41.png]
[demo.egenslab.com/html/corelaw/preview/assets/images/bg/attorney42.png]
[demo.egenslab.com/html/corelaw/preview/assets/images/bg/attorney43.png]
[demo.egenslab.com/html/corelaw/preview/assets/images/bg/attorney44.png]
[demo.egenslab.com/html/corelaw/preview/assets/images/bg/testi31.png]
[demo.egenslab.com/html/corelaw/preview/assets/images/icons/testi-quote.svg]
[demo.egenslab.com/html/corelaw/preview/assets/images/bg/testi32.png]
[demo.egenslab.com/html/corelaw/preview/assets/images/blog/blog-single21.png]
[demo.egenslab.com/html/corelaw/preview/assets/images/blog/blog-single22.png]
[demo.egenslab.com/html/corelaw/preview/assets/images/blog/blog-single23.png]
[demo.egenslab.com/html/corelaw/preview/assets/images/blog/recent-case1.png]
[demo.egenslab.com/html/corelaw/preview/assets/images/blog/recent-case2.png]
[demo.egenslab.com/html/corelaw/preview/assets/images/blog/recent-case3.png]
[demo.egenslab.com/html/corelaw/preview/assets/js/jquery-3.6.0.min.js]
[demo.egenslab.com/html/corelaw/preview/assets/js/bootstrap.bundle.min.js]
[demo.egenslab.com/html/corelaw/preview/assets/js/jquery-ui.js]
[demo.egenslab.com/html/corelaw/preview/assets/js/wow.min.js]
[demo.egenslab.com/html/corelaw/preview/assets/js/swiper-bundle.min.js]
[demo.egenslab.com/html/corelaw/preview/assets/js/slick.js]
[demo.egenslab.com/html/corelaw/preview/assets/js/jquery.nice-select.js]
[demo.egenslab.com/html/corelaw/preview/assets/js/odometer.min.js]
[demo.egenslab.com/html/corelaw/preview/assets/js/viewport.jquery.js]
[demo.egenslab.com/html/corelaw/preview/assets/js/jquery.magnific-popup.min.js]
[demo.egenslab.com/html/corelaw/preview/assets/js/isotope.pkgd.min.js]
[demo.egenslab.com/html/corelaw/preview/assets/js/main.js]
[demo.egenslab.com/html/corelaw/preview/index3.html]
[demo.egenslab.com/html/corelaw/preview/assets/images/icons/logo-icon.svg]
[demo.egenslab.com/html/corelaw/preview/assets/css/animate.css]
[demo.egenslab.com/html/corelaw/preview/assets/webfonts/fa-brands-400.eot]
[demo.egenslab.com/html/corelaw/preview/assets/webfonts/fa-brands-400d41d.eot]
[demo.egenslab.com/html/corelaw/preview/assets/webfonts/fa-brands-400.woff2]
[demo.egenslab.com/html/corelaw/preview/assets/webfonts/fa-brands-400.woff]
[demo.egenslab.com/html/corelaw/preview/assets/webfonts/fa-brands-400.ttf]
[demo.egenslab.com/html/corelaw/preview/assets/webfonts/fa-brands-400.svg]
[demo.egenslab.com/html/corelaw/preview/assets/webfonts/fa-regular-400.eot]
[demo.egenslab.com/html/corelaw/preview/assets/webfonts/fa-regular-400d41d.eot]
[demo.egenslab.com/html/corelaw/preview/assets/webfonts/fa-regular-400.woff2]
[demo.egenslab.com/html/corelaw/preview/assets/webfonts/fa-regular-400.woff]
[demo.egenslab.com/html/corelaw/preview/assets/webfonts/fa-regular-400.ttf]
[demo.egenslab.com/html/corelaw/preview/assets/webfonts/fa-regular-400.svg]
[demo.egenslab.com/html/corelaw/preview/assets/webfonts/fa-solid-900.eot]
[demo.egenslab.com/html/corelaw/preview/assets/webfonts/fa-solid-900d41d.eot]
[demo.egenslab.com/html/corelaw/preview/assets/webfonts/fa-solid-900.woff2]
[demo.egenslab.com/html/corelaw/preview/assets/webfonts/fa-solid-900.woff]
[demo.egenslab.com/html/corelaw/preview/assets/webfonts/fa-solid-900.ttf]
[demo.egenslab.com/html/corelaw/preview/assets/css/all.css]
[demo.egenslab.com/html/corelaw/preview/assets/css/bootstrap.min.css]
[demo.egenslab.com/html/corelaw/preview/assets/webfonts/fa-solid-900.svg]
[demo.egenslab.com/html/corelaw/preview/assets/fonts/boxicons.eot]
[demo.egenslab.com/html/corelaw/preview/assets/fonts/boxicons.woff2]
[demo.egenslab.com/html/corelaw/preview/assets/fonts/boxicons.woff]
[demo.egenslab.com/html/corelaw/preview/assets/fonts/boxicons.ttf]
[demo.egenslab.com/html/corelaw/preview/assets/css/boxicons.min.css]
[demo.egenslab.com/html/corelaw/preview/assets/fonts/boxiconsd41d.svg]
[demo.egenslab.com/html/corelaw/preview/assets/fonts/bootstrap-icons.woff]
[demo.egenslab.com/html/corelaw/preview/assets/fonts/bootstrap-icons.woff2]
[demo.egenslab.com/html/corelaw/preview/assets/css/bootstrap-icons.css]
[demo.egenslab.com/html/corelaw/preview/assets/css/images/ui-icons_444444_256x240.png]
[demo.egenslab.com/html/corelaw/preview/assets/css/images/ui-icons_555555_256x240.png]
[demo.egenslab.com/html/corelaw/preview/assets/css/images/ui-icons_ffffff_256x240.png]
[demo.egenslab.com/html/corelaw/preview/assets/css/images/ui-icons_777620_256x240.png]
[demo.egenslab.com/html/corelaw/preview/assets/css/images/ui-icons_cc0000_256x240.png]
[demo.egenslab.com/html/corelaw/preview/assets/css/images/ui-icons_777777_256x240.png]
[demo.egenslab.com/html/corelaw/preview/assets/css/jquery-ui.css]
[demo.egenslab.com/html/corelaw/preview/assets/css/swiper-bundle.css]
[demo.egenslab.com/html/corelaw/preview/assets/css/ajax-loader.gif]
[demo.egenslab.com/html/corelaw/preview/assets/css/fonts/slick.eot]
[demo.egenslab.com/html/corelaw/preview/assets/css/fonts/slickd41d.eot]
[demo.egenslab.com/html/corelaw/preview/assets/css/fonts/slick.woff]
[demo.egenslab.com/html/corelaw/preview/assets/css/fonts/slick.ttf]
[demo.egenslab.com/html/corelaw/preview/assets/css/fonts/slick.svg]
[demo.egenslab.com/html/corelaw/preview/assets/css/slick-theme.css]
[demo.egenslab.com/html/corelaw/preview/assets/css/slick.css]
[demo.egenslab.com/html/corelaw/preview/assets/css/nice-select.css]
[demo.egenslab.com/html/corelaw/preview/assets/css/magnific-popup.css]
[demo.egenslab.com/html/corelaw/preview/assets/css/odometer.css]
[demo.egenslab.com/html/corelaw/preview/assets/images/bg/banner1-bg.png]
[demo.egenslab.com/html/corelaw/preview/assets/images/bg/banner31.png]
[demo.egenslab.com/html/corelaw/preview/assets/images/bg/banner3-lawyer-vctr.svg]
[demo.egenslab.com/html/corelaw/preview/assets/images/icons/home-icon.svg]
[demo.egenslab.com/html/corelaw/preview/assets/images/icons/check.svg]
[demo.egenslab.com/html/corelaw/preview/assets/images/bg/info-bg.png]
[demo.egenslab.com/html/corelaw/preview/assets/images/bg/contact2-bg.png]
[demo.egenslab.com/html/corelaw/preview/assets/images/bg/contact-bg.png]
[demo.egenslab.com/html/corelaw/preview/assets/images/icons/graduation-icon.svg]
[demo.egenslab.com/html/corelaw/preview/assets/images/bg/error-back.png]
[demo.egenslab.com/html/corelaw/preview/assets/images/bg/footer1-bg.png]
[demo.egenslab.com/html/corelaw/preview/assets/images/icons/winner-badge.svg]
[demo.egenslab.com/html/corelaw/preview/assets/images/bg/breadcrumb-bg.png]
[demo.egenslab.com/html/corelaw/preview/assets/images/icons/dotted-arrow.svg]
[demo.egenslab.com/html/corelaw/preview/assets/css/style.css]
[demo.egenslab.com/html/corelaw/preview/assets/images/icons/intro-icon1.svg]
[demo.egenslab.com/html/corelaw/preview/assets/images/icons/intro-icon2.svg]
[demo.egenslab.com/html/corelaw/preview/assets/images/icons/intro-icon3.svg]
[demo.egenslab.com/html/corelaw/preview/assets/images/icons/intro-icon4.svg]
[demo.egenslab.com/html/corelaw/preview/assets/images/icons/lawyer-sign.svg]
[demo.egenslab.com/html/corelaw/preview/assets/images/bg/about1-bg.png]
[demo.egenslab.com/html/corelaw/preview/assets/images/bg/section-bg2.svg]
[demo.egenslab.com/html/corelaw/preview/assets/images/bg/casestudy1.png]
[demo.egenslab.com/html/corelaw/preview/assets/images/bg/casestudy2.png]
[demo.egenslab.com/html/corelaw/preview/assets/images/bg/casestudy3.png]
[demo.egenslab.com/html/corelaw/preview/assets/images/bg/casestudy4.png]
[demo.egenslab.com/html/corelaw/preview/assets/images/bg/casestudy5.png]
[demo.egenslab.com/html/corelaw/preview/assets/images/bg/casestudy6.png]
[demo.egenslab.com/html/corelaw/preview/assets/images/bg/attorney1.png]
[demo.egenslab.com/html/corelaw/preview/assets/images/bg/attorney2.png]
[demo.egenslab.com/html/corelaw/preview/assets/images/bg/attorney3.png]
[demo.egenslab.com/html/corelaw/preview/assets/images/bg/attorney4.png]
[demo.egenslab.com/html/corelaw/preview/assets/images/bg/contact-img.png]
[demo.egenslab.com/html/corelaw/preview/assets/images/blog/l-news1.png]
[demo.egenslab.com/html/corelaw/preview/assets/images/blog/l-news2.png]
[demo.egenslab.com/html/corelaw/preview/assets/images/blog/l-news3.png]
[demo.egenslab.com/html/corelaw/preview/index.html]
[demo.egenslab.com/html/corelaw/preview/assets/images/icons/header3-logo.svg]
[demo.egenslab.com/html/corelaw/preview/assets/images/icons/header1-logo.svg]
[demo.egenslab.com/html/corelaw/preview/assets/images/icons/call-icon2.svg]
[demo.egenslab.com/html/corelaw/preview/assets/images/icons/envelope2.svg]
[demo.egenslab.com/html/corelaw/preview/assets/images/bg/banner21.png]
[demo.egenslab.com/html/corelaw/preview/assets/images/bg/banner22.png]
[demo.egenslab.com/html/corelaw/preview/assets/images/bg/banner23.png]
[demo.egenslab.com/html/corelaw/preview/assets/images/icons/intro21.svg]
[demo.egenslab.com/html/corelaw/preview/assets/images/icons/intro22.svg]
[demo.egenslab.com/html/corelaw/preview/assets/images/icons/intro23.svg]
[demo.egenslab.com/html/corelaw/preview/assets/images/bg/experience-bg.png]
[demo.egenslab.com/html/corelaw/preview/assets/images/bg/practice23.png]
[demo.egenslab.com/html/corelaw/preview/assets/images/icons/practice-icon21.svg]
[demo.egenslab.com/html/corelaw/preview/assets/images/bg/practice24.png]
[demo.egenslab.com/html/corelaw/preview/assets/images/bg/practice21.png]
[demo.egenslab.com/html/corelaw/preview/assets/images/bg/practice22.png]
[demo.egenslab.com/html/corelaw/preview/assets/images/bg/practice2-right.png]
[demo.egenslab.com/html/corelaw/preview/assets/images/bg/attorney21.png]
[demo.egenslab.com/html/corelaw/preview/assets/images/bg/attorney22.png]
[demo.egenslab.com/html/corelaw/preview/assets/images/bg/attorney23.png]
[demo.egenslab.com/html/corelaw/preview/assets/images/bg/attorney24.png]
[demo.egenslab.com/html/corelaw/preview/assets/images/bg/casestudy21.png]
[demo.egenslab.com/html/corelaw/preview/assets/images/bg/casestudy22.png]
[demo.egenslab.com/html/corelaw/preview/assets/images/bg/casestudy23.png]
[demo.egenslab.com/html/corelaw/preview/assets/images/bg/casestudy24.png]
[demo.egenslab.com/html/corelaw/preview/assets/images/blog/latest11.png]
[demo.egenslab.com/html/corelaw/preview/assets/images/blog/latest12.png]
[demo.egenslab.com/html/corelaw/preview/assets/images/blog/latest13.png]
[demo.egenslab.com/html/corelaw/preview/assets/images/blog/blog-single11.png]
[demo.egenslab.com/html/corelaw/preview/assets/images/blog/blog-single12.png]
[demo.egenslab.com/html/corelaw/preview/index2.html]
[demo.egenslab.com/html/corelaw/preview/index4.html]
[demo.egenslab.com/html/corelaw/preview/assets/images/bg/banner4-vcrt.svg]
[demo.egenslab.com/html/corelaw/preview/blod-details.html]
[demo.egenslab.com/html/corelaw/preview/about.html]
[demo.egenslab.com/html/corelaw/preview/practice-area.html]
[demo.egenslab.com/html/corelaw/preview/assets/images/bg/service-detls1.png]
[demo.egenslab.com/html/corelaw/preview/assets/images/bg/service-detls2.png]
[demo.egenslab.com/html/corelaw/preview/assets/images/icons/feature-icon1.svg]
[demo.egenslab.com/html/corelaw/preview/assets/images/icons/feature-icon2.svg]
[demo.egenslab.com/html/corelaw/preview/assets/images/icons/feature-icon3.svg]
[demo.egenslab.com/html/corelaw/preview/assets/images/bg/service-detls3.png]
[demo.egenslab.com/html/corelaw/preview/assets/images/bg/team11.png]
[demo.egenslab.com/html/corelaw/preview/assets/images/bg/team12.png]
[demo.egenslab.com/html/corelaw/preview/assets/images/bg/team13.png]
[demo.egenslab.com/html/corelaw/preview/assets/images/bg/team14.png]
[demo.egenslab.com/html/corelaw/preview/practice-details.html]
[demo.egenslab.com/html/corelaw/preview/assets/images/blog/bgrid-1.png]
[demo.egenslab.com/html/corelaw/preview/assets/images/blog/bgrid-2.png]
[demo.egenslab.com/html/corelaw/preview/assets/images/blog/bgrid-3.png]
[demo.egenslab.com/html/corelaw/preview/assets/images/blog/bgrid-4.png]
[demo.egenslab.com/html/corelaw/preview/assets/images/blog/bgrid-5.png]
[demo.egenslab.com/html/corelaw/preview/assets/images/blog/bgrid-6.png]
[demo.egenslab.com/html/corelaw/preview/assets/images/blog/bgrid-7.png]
[demo.egenslab.com/html/corelaw/preview/assets/images/blog/bgrid-8.png]
[demo.egenslab.com/html/corelaw/preview/assets/images/blog/bgrid-9.png]
[demo.egenslab.com/html/corelaw/preview/assets/images/blog/bgrid-10.png]
[demo.egenslab.com/html/corelaw/preview/assets/images/blog/bgrid-11.png]
[demo.egenslab.com/html/corelaw/preview/blog-grid.html]
[demo.egenslab.com/html/corelaw/preview/case-datails.html]
[demo.egenslab.com/html/corelaw/preview/assets/images/bg/casestudy7.png]
[demo.egenslab.com/html/corelaw/preview/assets/images/bg/casestudy8.png]
[demo.egenslab.com/html/corelaw/preview/assets/images/bg/casestudy9.png]
[demo.egenslab.com/html/corelaw/preview/case-study1.html]
[demo.egenslab.com/html/corelaw/preview/case-study2.html]
[demo.egenslab.com/html/corelaw/preview/assets/images/bg/cs-details.png]
[demo.egenslab.com/html/corelaw/preview/assets/images/bg/cs-details1.png]
[demo.egenslab.com/html/corelaw/preview/assets/images/bg/cs-details2.png]
[demo.egenslab.com/html/corelaw/preview/assets/images/icons/list-arrow.svg]
[demo.egenslab.com/html/corelaw/preview/assets/images/bg/cs-details3.png]
[demo.egenslab.com/html/corelaw/preview/assets/images/bg/cs-details4.png]
[demo.egenslab.com/html/corelaw/preview/assets/images/icons/sidebar-arrow.svg]
[demo.egenslab.com/html/corelaw/preview/assets/images/bg/lawyer-dp.png]
[demo.egenslab.com/html/corelaw/preview/casestudy-details.html]
[demo.egenslab.com/html/corelaw/preview/assets/images/bg/team15.png]
[demo.egenslab.com/html/corelaw/preview/assets/images/bg/team16.png]
[demo.egenslab.com/html/corelaw/preview/assets/images/bg/team17.png]
[demo.egenslab.com/html/corelaw/preview/assets/images/bg/team18.png]
[demo.egenslab.com/html/corelaw/preview/assets/images/bg/team19.png]
[demo.egenslab.com/html/corelaw/preview/assets/images/bg/team110.png]
[demo.egenslab.com/html/corelaw/preview/assets/images/bg/team111.png]
[demo.egenslab.com/html/corelaw/preview/assets/images/bg/team112.png]
[demo.egenslab.com/html/corelaw/preview/team.html]
[demo.egenslab.com/html/corelaw/preview/assets/images/bg/law-pro-pic.png]
[demo.egenslab.com/html/corelaw/preview/lawyer-details.html]
[demo.egenslab.com/html/corelaw/preview/faq.html]
[demo.egenslab.com/html/corelaw/preview/assets/images/bg/section-bg-left.png]
[demo.egenslab.com/html/corelaw/preview/assets/images/bg/section-bg-right.png]
[demo.egenslab.com/html/corelaw/preview/assets/images/bg/404.png]
[demo.egenslab.com/html/corelaw/preview/error.html]
[demo.egenslab.com/html/corelaw/preview/assets/images/blog/blog-stand1.png]
[demo.egenslab.com/html/corelaw/preview/assets/images/icons/user.svg]
[demo.egenslab.com/html/corelaw/preview/assets/images/icons/calendr.svg]
[demo.egenslab.com/html/corelaw/preview/assets/images/icons/bubble.svg]
[demo.egenslab.com/html/corelaw/preview/assets/images/blog/blog-stand2.png]
[demo.egenslab.com/html/corelaw/preview/assets/images/blog/blog-stand3.png]
[demo.egenslab.com/html/corelaw/preview/assets/images/blog/recent-post1.png]
[demo.egenslab.com/html/corelaw/preview/assets/images/blog/recent-post2.png]
[demo.egenslab.com/html/corelaw/preview/assets/images/blog/recent-post3.png]
[demo.egenslab.com/html/corelaw/preview/blog-standard.html]
[demo.egenslab.com/html/corelaw/preview/assets/images/blog/blog-details1.png]
[demo.egenslab.com/html/corelaw/preview/assets/images/icons/bquote1.svg]
[demo.egenslab.com/html/corelaw/preview/assets/images/icons/bquote2.svg]
[demo.egenslab.com/html/corelaw/preview/assets/images/blog/blog-details2.png]
[demo.egenslab.com/html/corelaw/preview/assets/images/blog/comment-author.png]
[demo.egenslab.com/html/corelaw/preview/blog-details.html]
[demo.egenslab.com/html/corelaw/preview/contact.html]
[demo.egenslab.com/html/corelaw/preview/assets/images/bg/banner3-vector.svg]
[demo.egenslab.com/html/corelaw/preview/assets/images/icons/arr-prev.svg]
[demo.egenslab.com/html/corelaw/preview/assets/images/icons/arr-next.svg]
[demo.egenslab.com/html/corelaw/preview/assets/images/icons/practice31.svg]
[demo.egenslab.com/html/corelaw/preview/assets/images/icons/practice32.svg]
[demo.egenslab.com/html/corelaw/preview/assets/images/icons/practice33.svg]
[demo.egenslab.com/html/corelaw/preview/assets/images/bg/section-bg1.svg]
[demo.egenslab.com/html/corelaw/preview/assets/images/bg/abt-img-text1.svg]
[demo.egenslab.com/html/corelaw/preview/assets/images/bg/abt-img-text2.svg]
[demo.egenslab.com/html/corelaw/preview/assets/images/icons/signature3.svg]
[demo.egenslab.com/html/corelaw/preview/assets/images/icons/read-more-arro.svg]
[demo.egenslab.com/html/corelaw/preview/assets/images/icons/testi-quote.svg]
[demo.egenslab.com/html/corelaw/preview/assets/webfonts/fa-brands-400.svg]
[demo.egenslab.com/html/corelaw/preview/assets/webfonts/fa-regular-400.svg]
[demo.egenslab.com/html/corelaw/preview/assets/webfonts/fa-solid-900.svg]
[demo.egenslab.com/html/corelaw/preview/assets/fonts/boxiconsd41d.svg]
[demo.egenslab.com/html/corelaw/preview/assets/css/images/ui-icons_444444_256x240.html]
[demo.egenslab.com/html/corelaw/preview/assets/css/images/ui-icons_555555_256x240.html]
[demo.egenslab.com/html/corelaw/preview/assets/css/images/ui-icons_ffffff_256x240.html]
[demo.egenslab.com/html/corelaw/preview/assets/css/images/ui-icons_777620_256x240.html]
[demo.egenslab.com/html/corelaw/preview/assets/css/images/ui-icons_cc0000_256x240.html]
[demo.egenslab.com/html/corelaw/preview/assets/css/images/ui-icons_777777_256x240.html]
[demo.egenslab.com/html/corelaw/preview/assets/css/ajax-loader.html]
[demo.egenslab.com/html/corelaw/preview/assets/css/fonts/slick.svg]
[demo.egenslab.com/html/corelaw/preview/assets/images/bg/banner3-lawyer-vctr.svg]
[demo.egenslab.com/html/corelaw/preview/assets/images/icons/home-icon.svg]
[demo.egenslab.com/html/corelaw/preview/assets/images/icons/check.svg]
[demo.egenslab.com/html/corelaw/preview/assets/images/icons/graduation-icon.svg]
[demo.egenslab.com/html/corelaw/preview/assets/images/icons/winner-badge.svg]
[demo.egenslab.com/html/corelaw/preview/assets/images/icons/dotted-arrow.svg]
[demo.egenslab.com/html/corelaw/preview/assets/images/icons/intro-icon1.svg]
[demo.egenslab.com/html/corelaw/preview/assets/images/icons/intro-icon2.svg]
[demo.egenslab.com/html/corelaw/preview/assets/images/icons/intro-icon3.svg]
[demo.egenslab.com/html/corelaw/preview/assets/images/icons/intro-icon4.svg]
[demo.egenslab.com/html/corelaw/preview/assets/images/icons/lawyer-sign.svg]
[demo.egenslab.com/html/corelaw/preview/assets/images/bg/section-bg2.svg]
[demo.egenslab.com/html/corelaw/preview/assets/images/icons/call-icon2.svg]
[demo.egenslab.com/html/corelaw/preview/assets/images/icons/envelope2.svg]
[demo.egenslab.com/html/corelaw/preview/assets/images/icons/intro21.svg]
[demo.egenslab.com/html/corelaw/preview/assets/images/icons/intro22.svg]
[demo.egenslab.com/html/corelaw/preview/assets/images/icons/intro23.svg]
[demo.egenslab.com/html/corelaw/preview/assets/images/icons/practice-icon21.svg]
[demo.egenslab.com/html/corelaw/preview/assets/images/bg/banner4-vcrt.svg]
[demo.egenslab.com/html/corelaw/preview/blod-details.html]
[demo.egenslab.com/html/corelaw/preview/assets/images/icons/feature-icon1.svg]
[demo.egenslab.com/html/corelaw/preview/assets/images/icons/feature-icon2.svg]
[demo.egenslab.com/html/corelaw/preview/assets/images/icons/feature-icon3.svg]
[demo.egenslab.com/html/corelaw/preview/case-datails.html]
[demo.egenslab.com/html/corelaw/preview/assets/images/icons/list-arrow.svg]
[demo.egenslab.com/html/corelaw/preview/assets/images/icons/sidebar-arrow.svg]
[demo.egenslab.com/html/corelaw/preview/assets/images/icons/user.svg]
[demo.egenslab.com/html/corelaw/preview/assets/images/icons/calendr.svg]
[demo.egenslab.com/html/corelaw/preview/assets/images/icons/bubble.svg]
[demo.egenslab.com/html/corelaw/preview/assets/images/icons/bquote1.svg]
[demo.egenslab.com/html/corelaw/preview/assets/images/icons/bquote2.svg]
